({
  ".foo": {
    webkitAnimationName: foo,
    animationName: foo,
    color: bar
  }
});