
reStyle({
  transform: getTransform(),
  borderRadius: 20
});