({
  "@media (max-width: 600px)": {
    "my-el": {
      width: "100%"
    }
  }
});